--------------------------------------------------------------------------------
[Nov 29, 2025 8:56:33.4 AM GMT:ERROR:creative_new_tab_page_ads_util.cc(123)] Successfully saved creative new tab page ads
[Nov 29, 2025 8:56:33.4 AM GMT:ERROR:creative_new_tab_page_ads_util.cc(108)] Successfully saved creative set conversions
[Nov 29, 2025 8:56:37.8 AM GMT:ERROR:creative_new_tab_page_ads_util.cc(123)] Successfully saved creative new tab page ads
[Nov 29, 2025 8:56:37.8 AM GMT:ERROR:creative_new_tab_page_ads_util.cc(108)] Successfully saved creative set conversions
--------------------------------------------------------------------------------
[Nov 29, 2025 12:04:31.3 PM GMT:ERROR:creative_new_tab_page_ads_util.cc(123)] Successfully saved creative new tab page ads
[Nov 29, 2025 12:04:31.5 PM GMT:ERROR:creative_new_tab_page_ads_util.cc(108)] Successfully saved creative set conversions
--------------------------------------------------------------------------------
[Nov 29, 2025 12:07:19.2 PM GMT:ERROR:creative_new_tab_page_ads_util.cc(123)] Successfully saved creative new tab page ads
[Nov 29, 2025 12:07:19.2 PM GMT:ERROR:creative_new_tab_page_ads_util.cc(108)] Successfully saved creative set conversions
--------------------------------------------------------------------------------
[Nov 29, 2025 1:39:00.3 PM GMT:ERROR:creative_new_tab_page_ads_util.cc(123)] Successfully saved creative new tab page ads
[Nov 29, 2025 1:39:00.3 PM GMT:ERROR:creative_new_tab_page_ads_util.cc(108)] Successfully saved creative set conversions
--------------------------------------------------------------------------------
[Nov 30, 2025 1:24:04.5 AM GMT:ERROR:creative_new_tab_page_ads_util.cc(123)] Successfully saved creative new tab page ads
[Nov 30, 2025 1:24:04.5 AM GMT:ERROR:creative_new_tab_page_ads_util.cc(108)] Successfully saved creative set conversions
--------------------------------------------------------------------------------
[Nov 30, 2025 3:21:42.0 AM GMT:ERROR:creative_new_tab_page_ads_util.cc(123)] Successfully saved creative new tab page ads
[Nov 30, 2025 3:21:42.0 AM GMT:ERROR:creative_new_tab_page_ads_util.cc(108)] Successfully saved creative set conversions
[Nov 30, 2025 4:21:41.8 AM GMT:ERROR:creative_new_tab_page_ads_util.cc(123)] Successfully saved creative new tab page ads
[Nov 30, 2025 4:21:41.8 AM GMT:ERROR:creative_new_tab_page_ads_util.cc(108)] Successfully saved creative set conversions
--------------------------------------------------------------------------------
[Nov 30, 2025 6:02:37.6 AM GMT:ERROR:creative_new_tab_page_ads_util.cc(123)] Successfully saved creative new tab page ads
[Nov 30, 2025 6:02:37.6 AM GMT:ERROR:creative_new_tab_page_ads_util.cc(108)] Successfully saved creative set conversions
--------------------------------------------------------------------------------
[Nov 30, 2025 7:39:10.4 AM GMT:ERROR:creative_new_tab_page_ads_util.cc(123)] Successfully saved creative new tab page ads
[Nov 30, 2025 7:39:10.4 AM GMT:ERROR:creative_new_tab_page_ads_util.cc(108)] Successfully saved creative set conversions
--------------------------------------------------------------------------------
[Nov 30, 2025 7:58:32.0 AM GMT:ERROR:creative_new_tab_page_ads_util.cc(123)] Successfully saved creative new tab page ads
[Nov 30, 2025 7:58:32.0 AM GMT:ERROR:creative_new_tab_page_ads_util.cc(108)] Successfully saved creative set conversions
--------------------------------------------------------------------------------
[Nov 30, 2025 8:41:01.7 AM GMT:ERROR:creative_new_tab_page_ads_util.cc(123)] Successfully saved creative new tab page ads
[Nov 30, 2025 8:41:01.7 AM GMT:ERROR:creative_new_tab_page_ads_util.cc(108)] Successfully saved creative set conversions
--------------------------------------------------------------------------------
[Nov 30, 2025 9:48:16.7 AM GMT:ERROR:creative_new_tab_page_ads_util.cc(123)] Successfully saved creative new tab page ads
[Nov 30, 2025 9:48:16.8 AM GMT:ERROR:creative_new_tab_page_ads_util.cc(108)] Successfully saved creative set conversions
--------------------------------------------------------------------------------
[Nov 30, 2025 11:14:17.4 AM GMT:ERROR:creative_new_tab_page_ads_util.cc(123)] Successfully saved creative new tab page ads
[Nov 30, 2025 11:14:17.4 AM GMT:ERROR:creative_new_tab_page_ads_util.cc(108)] Successfully saved creative set conversions
--------------------------------------------------------------------------------
[Nov 30, 2025 9:51:15.9 PM GMT:ERROR:creative_new_tab_page_ads_util.cc(123)] Successfully saved creative new tab page ads
[Nov 30, 2025 9:51:15.9 PM GMT:ERROR:creative_new_tab_page_ads_util.cc(108)] Successfully saved creative set conversions
[Nov 30, 2025 9:51:19.6 PM GMT:ERROR:creative_new_tab_page_ads_util.cc(123)] Successfully saved creative new tab page ads
[Nov 30, 2025 9:51:19.6 PM GMT:ERROR:creative_new_tab_page_ads_util.cc(108)] Successfully saved creative set conversions
--------------------------------------------------------------------------------
[Dec 01, 2025 2:36:12.7 AM GMT:ERROR:creative_new_tab_page_ads_util.cc(123)] Successfully saved creative new tab page ads
[Dec 01, 2025 2:36:12.7 AM GMT:ERROR:creative_new_tab_page_ads_util.cc(108)] Successfully saved creative set conversions
--------------------------------------------------------------------------------
[Dec 01, 2025 3:20:14.1 AM GMT:ERROR:creative_new_tab_page_ads_util.cc(123)] Successfully saved creative new tab page ads
[Dec 01, 2025 3:20:14.1 AM GMT:ERROR:creative_new_tab_page_ads_util.cc(108)] Successfully saved creative set conversions
--------------------------------------------------------------------------------
[Dec 01, 2025 3:54:57.8 AM GMT:ERROR:creative_new_tab_page_ads_util.cc(123)] Successfully saved creative new tab page ads
[Dec 01, 2025 3:54:57.8 AM GMT:ERROR:creative_new_tab_page_ads_util.cc(108)] Successfully saved creative set conversions
[Dec 01, 2025 4:39:59.9 AM GMT:ERROR:creative_new_tab_page_ads_util.cc(123)] Successfully saved creative new tab page ads
[Dec 01, 2025 4:39:59.9 AM GMT:ERROR:creative_new_tab_page_ads_util.cc(108)] Successfully saved creative set conversions
--------------------------------------------------------------------------------
[Dec 01, 2025 12:45:37.1 PM GMT:ERROR:creative_new_tab_page_ads_util.cc(123)] Successfully saved creative new tab page ads
[Dec 01, 2025 12:45:37.3 PM GMT:ERROR:creative_new_tab_page_ads_util.cc(108)] Successfully saved creative set conversions
--------------------------------------------------------------------------------
[Dec 01, 2025 9:53:14.1 PM GMT:ERROR:creative_new_tab_page_ads_util.cc(123)] Successfully saved creative new tab page ads
[Dec 01, 2025 9:53:14.1 PM GMT:ERROR:creative_new_tab_page_ads_util.cc(108)] Successfully saved creative set conversions
--------------------------------------------------------------------------------
[Dec 02, 2025 1:40:00.3 AM GMT:ERROR:creative_new_tab_page_ads_util.cc(123)] Successfully saved creative new tab page ads
[Dec 02, 2025 1:40:00.3 AM GMT:ERROR:creative_new_tab_page_ads_util.cc(108)] Successfully saved creative set conversions
--------------------------------------------------------------------------------
[Dec 02, 2025 4:57:48.3 AM GMT:ERROR:creative_new_tab_page_ads_util.cc(123)] Successfully saved creative new tab page ads
[Dec 02, 2025 4:57:48.3 AM GMT:ERROR:creative_new_tab_page_ads_util.cc(108)] Successfully saved creative set conversions
[Dec 02, 2025 4:57:53.2 AM GMT:ERROR:creative_new_tab_page_ads_util.cc(123)] Successfully saved creative new tab page ads
[Dec 02, 2025 4:57:53.2 AM GMT:ERROR:creative_new_tab_page_ads_util.cc(108)] Successfully saved creative set conversions
--------------------------------------------------------------------------------
[Dec 02, 2025 11:24:38.9 AM GMT:ERROR:creative_new_tab_page_ads_util.cc(123)] Successfully saved creative new tab page ads
[Dec 02, 2025 11:24:38.9 AM GMT:ERROR:creative_new_tab_page_ads_util.cc(108)] Successfully saved creative set conversions
--------------------------------------------------------------------------------
[Dec 02, 2025 11:43:44.9 AM GMT:ERROR:creative_new_tab_page_ads_util.cc(123)] Successfully saved creative new tab page ads
[Dec 02, 2025 11:43:44.9 AM GMT:ERROR:creative_new_tab_page_ads_util.cc(108)] Successfully saved creative set conversions
--------------------------------------------------------------------------------
[Dec 02, 2025 10:07:24.9 PM GMT:ERROR:creative_new_tab_page_ads_util.cc(123)] Successfully saved creative new tab page ads
[Dec 02, 2025 10:07:24.9 PM GMT:ERROR:creative_new_tab_page_ads_util.cc(108)] Successfully saved creative set conversions
--------------------------------------------------------------------------------
[Dec 03, 2025 6:07:16.7 AM GMT:ERROR:creative_new_tab_page_ads_util.cc(123)] Successfully saved creative new tab page ads
[Dec 03, 2025 6:07:16.7 AM GMT:ERROR:creative_new_tab_page_ads_util.cc(108)] Successfully saved creative set conversions
[Dec 03, 2025 6:07:21.9 AM GMT:ERROR:creative_new_tab_page_ads_util.cc(123)] Successfully saved creative new tab page ads
[Dec 03, 2025 6:07:21.9 AM GMT:ERROR:creative_new_tab_page_ads_util.cc(108)] Successfully saved creative set conversions
--------------------------------------------------------------------------------
[Dec 03, 2025 9:50:22.2 AM GMT:ERROR:creative_new_tab_page_ads_util.cc(123)] Successfully saved creative new tab page ads
[Dec 03, 2025 9:50:22.2 AM GMT:ERROR:creative_new_tab_page_ads_util.cc(108)] Successfully saved creative set conversions
--------------------------------------------------------------------------------
[Dec 03, 2025 10:01:52.1 AM GMT:ERROR:creative_new_tab_page_ads_util.cc(123)] Successfully saved creative new tab page ads
[Dec 03, 2025 10:01:52.1 AM GMT:ERROR:creative_new_tab_page_ads_util.cc(108)] Successfully saved creative set conversions
--------------------------------------------------------------------------------
[Dec 03, 2025 10:11:05.0 AM GMT:ERROR:creative_new_tab_page_ads_util.cc(123)] Successfully saved creative new tab page ads
[Dec 03, 2025 10:11:05.0 AM GMT:ERROR:creative_new_tab_page_ads_util.cc(108)] Successfully saved creative set conversions
--------------------------------------------------------------------------------
[Dec 03, 2025 11:27:32.6 PM GMT:ERROR:creative_new_tab_page_ads_util.cc(123)] Successfully saved creative new tab page ads
[Dec 03, 2025 11:27:32.6 PM GMT:ERROR:creative_new_tab_page_ads_util.cc(108)] Successfully saved creative set conversions
[Dec 03, 2025 11:27:36.9 PM GMT:ERROR:creative_new_tab_page_ads_util.cc(123)] Successfully saved creative new tab page ads
[Dec 03, 2025 11:27:36.9 PM GMT:ERROR:creative_new_tab_page_ads_util.cc(108)] Successfully saved creative set conversions
--------------------------------------------------------------------------------
[Dec 04, 2025 12:29:57.3 AM GMT:ERROR:creative_new_tab_page_ads_util.cc(159)] Successfully saved creative new tab page ads
[Dec 04, 2025 12:29:57.3 AM GMT:ERROR:creative_new_tab_page_ads_util.cc(144)] Successfully saved creative set conversions
--------------------------------------------------------------------------------
[Dec 04, 2025 3:27:11.0 AM GMT:ERROR:creative_new_tab_page_ads_util.cc(159)] Successfully saved creative new tab page ads
[Dec 04, 2025 3:27:11.0 AM GMT:ERROR:creative_new_tab_page_ads_util.cc(144)] Successfully saved creative set conversions
--------------------------------------------------------------------------------
[Dec 04, 2025 3:31:25.8 AM GMT:ERROR:creative_new_tab_page_ads_util.cc(159)] Successfully saved creative new tab page ads
[Dec 04, 2025 3:31:25.8 AM GMT:ERROR:creative_new_tab_page_ads_util.cc(144)] Successfully saved creative set conversions
--------------------------------------------------------------------------------
[Dec 04, 2025 5:00:48.7 AM GMT:ERROR:creative_new_tab_page_ads_util.cc(159)] Successfully saved creative new tab page ads
[Dec 04, 2025 5:00:48.7 AM GMT:ERROR:creative_new_tab_page_ads_util.cc(144)] Successfully saved creative set conversions
[Dec 04, 2025 5:00:51.7 AM GMT:ERROR:creative_new_tab_page_ads_util.cc(159)] Successfully saved creative new tab page ads
[Dec 04, 2025 5:00:51.7 AM GMT:ERROR:creative_new_tab_page_ads_util.cc(144)] Successfully saved creative set conversions
--------------------------------------------------------------------------------
[Dec 04, 2025 5:06:43.8 AM GMT:ERROR:creative_new_tab_page_ads_util.cc(159)] Successfully saved creative new tab page ads
[Dec 04, 2025 5:06:43.8 AM GMT:ERROR:creative_new_tab_page_ads_util.cc(144)] Successfully saved creative set conversions
--------------------------------------------------------------------------------
[Dec 04, 2025 10:05:37.1 AM GMT:ERROR:creative_new_tab_page_ads_util.cc(159)] Successfully saved creative new tab page ads
[Dec 04, 2025 10:05:37.1 AM GMT:ERROR:creative_new_tab_page_ads_util.cc(144)] Successfully saved creative set conversions
--------------------------------------------------------------------------------
[Dec 04, 2025 11:55:30.8 AM GMT:ERROR:creative_new_tab_page_ads_util.cc(159)] Successfully saved creative new tab page ads
[Dec 04, 2025 11:55:30.8 AM GMT:ERROR:creative_new_tab_page_ads_util.cc(144)] Successfully saved creative set conversions
--------------------------------------------------------------------------------
[Dec 04, 2025 12:31:14.1 PM GMT:ERROR:creative_new_tab_page_ads_util.cc(159)] Successfully saved creative new tab page ads
[Dec 04, 2025 12:31:14.1 PM GMT:ERROR:creative_new_tab_page_ads_util.cc(144)] Successfully saved creative set conversions
--------------------------------------------------------------------------------
[Dec 05, 2025 1:46:44.1 AM GMT:ERROR:creative_new_tab_page_ads_util.cc(159)] Successfully saved creative new tab page ads
[Dec 05, 2025 1:46:44.1 AM GMT:ERROR:creative_new_tab_page_ads_util.cc(144)] Successfully saved creative set conversions
--------------------------------------------------------------------------------
[Dec 05, 2025 2:57:28.2 AM GMT:ERROR:creative_new_tab_page_ads_util.cc(159)] Successfully saved creative new tab page ads
[Dec 05, 2025 2:57:28.2 AM GMT:ERROR:creative_new_tab_page_ads_util.cc(144)] Successfully saved creative set conversions
--------------------------------------------------------------------------------
[Dec 05, 2025 5:25:44.3 AM GMT:ERROR:creative_new_tab_page_ads_util.cc(159)] Successfully saved creative new tab page ads
[Dec 05, 2025 5:25:44.3 AM GMT:ERROR:creative_new_tab_page_ads_util.cc(144)] Successfully saved creative set conversions
[Dec 05, 2025 5:26:07.9 AM GMT:ERROR:creative_new_tab_page_ads_util.cc(159)] Successfully saved creative new tab page ads
[Dec 05, 2025 5:26:07.9 AM GMT:ERROR:creative_new_tab_page_ads_util.cc(144)] Successfully saved creative set conversions
--------------------------------------------------------------------------------
[Dec 05, 2025 7:53:07.4 AM GMT:ERROR:creative_new_tab_page_ads_util.cc(159)] Successfully saved creative new tab page ads
[Dec 05, 2025 7:53:07.4 AM GMT:ERROR:creative_new_tab_page_ads_util.cc(144)] Successfully saved creative set conversions
--------------------------------------------------------------------------------
[Dec 05, 2025 1:07:05.2 PM GMT:ERROR:creative_new_tab_page_ads_util.cc(159)] Successfully saved creative new tab page ads
[Dec 05, 2025 1:07:05.2 PM GMT:ERROR:creative_new_tab_page_ads_util.cc(144)] Successfully saved creative set conversions
--------------------------------------------------------------------------------
[Dec 06, 2025 12:28:03.1 AM GMT:ERROR:creative_new_tab_page_ads_util.cc(159)] Successfully saved creative new tab page ads
[Dec 06, 2025 12:28:03.1 AM GMT:ERROR:creative_new_tab_page_ads_util.cc(144)] Successfully saved creative set conversions
--------------------------------------------------------------------------------
[Dec 06, 2025 12:40:16.3 AM GMT:ERROR:creative_new_tab_page_ads_util.cc(159)] Successfully saved creative new tab page ads
[Dec 06, 2025 12:40:16.3 AM GMT:ERROR:creative_new_tab_page_ads_util.cc(144)] Successfully saved creative set conversions
--------------------------------------------------------------------------------
[Dec 06, 2025 3:03:02.8 AM GMT:ERROR:creative_new_tab_page_ads_util.cc(159)] Successfully saved creative new tab page ads
[Dec 06, 2025 3:03:02.8 AM GMT:ERROR:creative_new_tab_page_ads_util.cc(144)] Successfully saved creative set conversions
--------------------------------------------------------------------------------
[Dec 06, 2025 3:39:26.8 AM GMT:ERROR:creative_new_tab_page_ads_util.cc(159)] Successfully saved creative new tab page ads
[Dec 06, 2025 3:39:26.8 AM GMT:ERROR:creative_new_tab_page_ads_util.cc(144)] Successfully saved creative set conversions
--------------------------------------------------------------------------------
[Dec 06, 2025 3:44:16.2 AM GMT:ERROR:creative_new_tab_page_ads_util.cc(159)] Successfully saved creative new tab page ads
[Dec 06, 2025 3:44:16.2 AM GMT:ERROR:creative_new_tab_page_ads_util.cc(144)] Successfully saved creative set conversions
--------------------------------------------------------------------------------
[Dec 06, 2025 4:33:53.9 AM GMT:ERROR:creative_new_tab_page_ads_util.cc(159)] Successfully saved creative new tab page ads
[Dec 06, 2025 4:33:53.9 AM GMT:ERROR:creative_new_tab_page_ads_util.cc(144)] Successfully saved creative set conversions
[Dec 06, 2025 4:33:56.1 AM GMT:ERROR:creative_new_tab_page_ads_util.cc(159)] Successfully saved creative new tab page ads
[Dec 06, 2025 4:33:56.1 AM GMT:ERROR:creative_new_tab_page_ads_util.cc(144)] Successfully saved creative set conversions
[Dec 06, 2025 4:33:56.1 AM GMT:ERROR:creative_new_tab_page_ads_database_table.cc(189)] Failed to get creative new tab page ad
[Dec 06, 2025 4:33:56.4 AM GMT:ERROR:new_tab_page_ad_event_handler.cc(86)] Failed to fire new tab page ad event due to missing creative instance id 31a87592-67b2-4381-9c7f-c4d9308bea53
[Dec 06, 2025 4:33:56.4 AM GMT:ERROR:new_tab_page_ad_event_handler.cc(194)] Failed to fire new tab page ad kServedImpression event for placement id 766c0432-be6c-428d-84ed-28beaf8f05b3 and creative instance id 31a87592-67b2-4381-9c7f-c4d9308bea53
--------------------------------------------------------------------------------
[Dec 06, 2025 4:57:42.8 AM GMT:ERROR:creative_new_tab_page_ads_util.cc(159)] Successfully saved creative new tab page ads
[Dec 06, 2025 4:57:42.8 AM GMT:ERROR:creative_new_tab_page_ads_util.cc(144)] Successfully saved creative set conversions
--------------------------------------------------------------------------------
[Dec 06, 2025 10:35:37.7 AM GMT:ERROR:creative_new_tab_page_ads_util.cc(159)] Successfully saved creative new tab page ads
[Dec 06, 2025 10:35:37.7 AM GMT:ERROR:creative_new_tab_page_ads_util.cc(144)] Successfully saved creative set conversions
--------------------------------------------------------------------------------
[Dec 06, 2025 11:22:44.4 AM GMT:ERROR:creative_new_tab_page_ads_util.cc(159)] Successfully saved creative new tab page ads
[Dec 06, 2025 11:22:44.4 AM GMT:ERROR:creative_new_tab_page_ads_util.cc(144)] Successfully saved creative set conversions
--------------------------------------------------------------------------------
[Dec 06, 2025 11:23:37.6 AM GMT:ERROR:creative_new_tab_page_ads_util.cc(159)] Successfully saved creative new tab page ads
[Dec 06, 2025 11:23:37.6 AM GMT:ERROR:creative_new_tab_page_ads_util.cc(144)] Successfully saved creative set conversions
--------------------------------------------------------------------------------
[Dec 06, 2025 3:20:26.6 PM GMT:ERROR:creative_new_tab_page_ads_util.cc(159)] Successfully saved creative new tab page ads
[Dec 06, 2025 3:20:26.6 PM GMT:ERROR:creative_new_tab_page_ads_util.cc(144)] Successfully saved creative set conversions
--------------------------------------------------------------------------------
[Dec 07, 2025 1:02:22.7 AM GMT:ERROR:creative_new_tab_page_ads_util.cc(159)] Successfully saved creative new tab page ads
[Dec 07, 2025 1:02:22.7 AM GMT:ERROR:creative_new_tab_page_ads_util.cc(144)] Successfully saved creative set conversions
--------------------------------------------------------------------------------
[Dec 07, 2025 1:04:53.0 AM GMT:ERROR:creative_new_tab_page_ads_util.cc(159)] Successfully saved creative new tab page ads
[Dec 07, 2025 1:04:53.0 AM GMT:ERROR:creative_new_tab_page_ads_util.cc(144)] Successfully saved creative set conversions
--------------------------------------------------------------------------------
[Dec 07, 2025 3:17:51.9 AM GMT:ERROR:creative_new_tab_page_ads_util.cc(159)] Successfully saved creative new tab page ads
[Dec 07, 2025 3:17:51.9 AM GMT:ERROR:creative_new_tab_page_ads_util.cc(144)] Successfully saved creative set conversions
--------------------------------------------------------------------------------
[Dec 07, 2025 8:16:42.9 AM GMT:ERROR:creative_new_tab_page_ads_util.cc(159)] Successfully saved creative new tab page ads
[Dec 07, 2025 8:16:42.9 AM GMT:ERROR:creative_new_tab_page_ads_util.cc(144)] Successfully saved creative set conversions
[Dec 07, 2025 8:16:54.8 AM GMT:ERROR:creative_new_tab_page_ads_util.cc(159)] Successfully saved creative new tab page ads
[Dec 07, 2025 8:16:54.8 AM GMT:ERROR:creative_new_tab_page_ads_util.cc(144)] Successfully saved creative set conversions
--------------------------------------------------------------------------------
[Dec 07, 2025 9:14:40.4 AM GMT:ERROR:creative_new_tab_page_ads_util.cc(159)] Successfully saved creative new tab page ads
[Dec 07, 2025 9:14:40.4 AM GMT:ERROR:creative_new_tab_page_ads_util.cc(144)] Successfully saved creative set conversions
--------------------------------------------------------------------------------
[Dec 07, 2025 2:19:36.7 PM GMT:ERROR:creative_new_tab_page_ads_util.cc(159)] Successfully saved creative new tab page ads
[Dec 07, 2025 2:19:36.7 PM GMT:ERROR:creative_new_tab_page_ads_util.cc(144)] Successfully saved creative set conversions
--------------------------------------------------------------------------------
[Dec 07, 2025 2:53:38.9 PM GMT:ERROR:creative_new_tab_page_ads_util.cc(159)] Successfully saved creative new tab page ads
[Dec 07, 2025 2:53:38.9 PM GMT:ERROR:creative_new_tab_page_ads_util.cc(144)] Successfully saved creative set conversions
--------------------------------------------------------------------------------
[Dec 08, 2025 2:48:01.7 AM GMT:ERROR:creative_new_tab_page_ads_util.cc(159)] Successfully saved creative new tab page ads
[Dec 08, 2025 2:48:01.7 AM GMT:ERROR:creative_new_tab_page_ads_util.cc(144)] Successfully saved creative set conversions
--------------------------------------------------------------------------------
[Dec 08, 2025 3:14:48.5 AM GMT:ERROR:creative_new_tab_page_ads_util.cc(159)] Successfully saved creative new tab page ads
[Dec 08, 2025 3:14:48.5 AM GMT:ERROR:creative_new_tab_page_ads_util.cc(144)] Successfully saved creative set conversions
--------------------------------------------------------------------------------
[Dec 08, 2025 3:45:34.8 AM GMT:ERROR:creative_new_tab_page_ads_util.cc(159)] Successfully saved creative new tab page ads
[Dec 08, 2025 3:45:34.8 AM GMT:ERROR:creative_new_tab_page_ads_util.cc(144)] Successfully saved creative set conversions
[Dec 08, 2025 4:15:33.9 AM GMT:ERROR:creative_new_tab_page_ads_util.cc(159)] Successfully saved creative new tab page ads
[Dec 08, 2025 4:15:33.9 AM GMT:ERROR:creative_new_tab_page_ads_util.cc(144)] Successfully saved creative set conversions
--------------------------------------------------------------------------------
[Dec 08, 2025 12:10:50.8 PM GMT:ERROR:creative_new_tab_page_ads_util.cc(159)] Successfully saved creative new tab page ads
[Dec 08, 2025 12:10:50.8 PM GMT:ERROR:creative_new_tab_page_ads_util.cc(144)] Successfully saved creative set conversions
--------------------------------------------------------------------------------
[Dec 08, 2025 1:34:28.7 PM GMT:ERROR:creative_new_tab_page_ads_util.cc(159)] Successfully saved creative new tab page ads
[Dec 08, 2025 1:34:28.7 PM GMT:ERROR:creative_new_tab_page_ads_util.cc(144)] Successfully saved creative set conversions
--------------------------------------------------------------------------------
[Dec 08, 2025 3:31:49.8 PM GMT:ERROR:creative_new_tab_page_ads_util.cc(159)] Successfully saved creative new tab page ads
[Dec 08, 2025 3:31:49.8 PM GMT:ERROR:creative_new_tab_page_ads_util.cc(144)] Successfully saved creative set conversions
--------------------------------------------------------------------------------
[Dec 09, 2025 2:01:39.5 AM GMT:ERROR:creative_new_tab_page_ads_util.cc(159)] Successfully saved creative new tab page ads
[Dec 09, 2025 2:01:39.5 AM GMT:ERROR:creative_new_tab_page_ads_util.cc(144)] Successfully saved creative set conversions
--------------------------------------------------------------------------------
[Dec 09, 2025 10:38:02.2 AM GMT:ERROR:creative_new_tab_page_ads_util.cc(159)] Successfully saved creative new tab page ads
[Dec 09, 2025 10:38:02.2 AM GMT:ERROR:creative_new_tab_page_ads_util.cc(144)] Successfully saved creative set conversions
[Dec 09, 2025 10:38:06.2 AM GMT:ERROR:creative_new_tab_page_ads_util.cc(159)] Successfully saved creative new tab page ads
[Dec 09, 2025 10:38:06.2 AM GMT:ERROR:creative_new_tab_page_ads_util.cc(144)] Successfully saved creative set conversions
